// Jest Snapshot v1, https://goo.gl/fbAQLP

exports[`Home loads without failing 1`] = `
<div
  className="pure-g home"
>
  <div
    className="pure-u-1 text-center"
  >
    <h3>
      Welcome to Display Interactive admin interface.
    </h3>
    <p
      className="home-buttons"
    >
      <a
        className="pure-button pure-button-primary"
        href="/admin/update"
        onClick={[Function]}
      >
        Sync from hard drive
      </a>
      <a
        className="pure-button pure-button-primary"
        href="/admin/logs-uploads"
        onClick={[Function]}
      >
        Get logs
      </a>
      <a
        className="pure-button pure-button-primary"
        href="/admin/discretes"
        onClick={[Function]}
      >
        Watch discretes
      </a>
    </p>
  </div>
</div>
`;
